Transform: AWS::Serverless-2016-10-31
Parameters:
  Alias:
    Type: String
    Default: live
Resources:
  Function:
    Type: AWS::Serverless::Function
    Properties:
      Handler: index.handler
      Runtime: nodejs8.10
      MemorySize: 256
      CodeUri:
        Bucket: bucket
        Key: key.zip
        Version: version
      Timeout: 60
      AutoPublishAlias: !Ref Alias
