Transform: AWS::Serverless-2016-10-31
Resources:
  Function:
    Type: AWS::Lambda::Function
    Properties:
      Handler: index.handler
      Runtime: nodejs8.10
      MemorySize: 256
      Code:
        S3Bucket: bucket
        S3Key: key.zip
      Timeout: 60
      AutoPublishAlias: live
