Resources:
  Stack:
    Type: AWS::CloudFormation::Stack
    Properties:
      TemplateURL: s3://bucket/key.yml
